7zip
amd-ucode
ares-emu
ark
baobab
base
base-devel
bleachbit
blender
blueman
bluez
bluez-utils
bolt-launcher
borg
bpytop
brightnessctl
cava
cliphist
corectrl
dolphin
dosbox
dotnet-sdk
downgrade
dunst
dxvk-bin
efibootmgr
eza
fastfetch
fd
ffmpegthumbs
firefox
flatpak
flatseal
gamescope-plus
geforce-infinity-bin
gimp
gimp-plugin-gmic
git
gnome-keyring
godot
greenlight-bin
grim
grimblast-git
grub
gst-libav
gst-plugin-pipewire
gst-plugins-bad
gst-plugins-base
gst-plugins-good
gst-plugins-ugly
gstreamer-vaapi
htop
hyde-cli-git
hyprland
hyprpicker
imagemagick
iperf3
iwd
jdk-openjdk
jerry-cli
jq
jre8-openjdk
kde-cli-tools
kdeconnect
kitty
krita
kvantum
kvantum-qt5
lib32-gnutls
lib32-vkd3d
libnotify
libpulse
libretro-beetle-pce
libretro-beetle-pce-fast
libretro-beetle-psx
libretro-beetle-psx-hw
libretro-beetle-supergrafx
libretro-blastem
libretro-bsnes
libretro-bsnes-hd
libretro-bsnes2014
libretro-core-info
libretro-desmume
libretro-dolphin
libretro-flycast
libretro-gambatte
libretro-genesis-plus-gx
libretro-kronos
libretro-mame
libretro-mame2016
libretro-melonds
libretro-mesen
libretro-mesen-s
libretro-mgba
libretro-mupen64plus-next
libretro-nestopia
libretro-overlays
libretro-parallel-n64
libretro-picodrive
libretro-play
libretro-ppsspp
libretro-retrodream
libretro-sameboy
libretro-scummvm
libretro-snes9x
libretro-yabause
libva-utils
libvdpau-va-gl
libvlc
linux
linux-firmware
lmms
lobster
luarocks
lutris
mkinitcpio-colors-git
nano
neovim
network-manager-applet
networkmanager
nextcloud-client
noto-fonts-emoji
ntfs-3g
nwg-look
obs-studio-git
obs-vkcapture
obsidian
oh-my-zsh-git
opencomposite-git
openssh
pacman-contrib
pamixer
papirus-icon-theme
parallel
partitionmanager
pavucontrol
pipewire
pipewire-alsa
pipewire-jack
pipewire-pulse
podman
polkit-gnome
polkit-kde-agent
prismlauncher
protonfixes
protontricks
protonup-qt
pyradio
python-httpx
python-pip
python-pipx
python-pyamdgpuinfo
python-pypresence
qt5-graphicaleffects
qt5-imageformats
qt5-quickcontrols
qt5-quickcontrols2
qt5-wayland
qt5ct
qt6-wayland
qt6ct
r
r2modman-appimage
radeontop
rclone
realtime-privileges
retroarch
retroarch-assets-glui
retroarch-assets-ozone
retroarch-assets-xmb
rofi-wayland
ruby
rustup
sddm
slurp
smartmontools
spaghettikart-bin
spicetify-cli
spotdl
spotify
steam
strace
swappy
swaylock-effects-git
swww
sysstat
termusic
ttf-google-fonts-typewolf
ttf-nerd-fonts-symbols-mono
udiskie
ueberzugpp
ungoogled-chromium-bin
unrar
uwsm
vesktop
vim
vkd3d
vlc
vulkan-radeon
vulkan-tools
waybar
wget
wine-gecko
wine-mono
wine-staging
winetricks
wireless_tools
wireplumber
wlogout
wofi
wpa_supplicant
xdg-desktop-portal-gtk
xdg-desktop-portal-hyprland
xdg-utils
xf86-video-amdgpu
xf86-video-ati
xmlstarlet
xorg-server
xorg-xinit
xwaylandvideobridge
yay
yazi
yt-dlp
yt-x
zsh
zsh-autosuggestions
zsh-syntax-highlighting
zsh-theme-powerlevel10k-git 
